{
  "code": "exec(\"import os; os.system('echo security breach')\")\n", 
  "trace": [
    {
      "ordered_globals": [], 
      "stdout": "", 
      "func_name": "<module>", 
      "stack_to_render": [], 
      "globals": {}, 
      "heap": {}, 
      "line": 1, 
      "event": "step_line"
    }, 
    {
      "ordered_globals": [], 
      "stdout": "", 
      "func_name": "<module>", 
      "stack_to_render": [], 
      "globals": {}, 
      "heap": {}, 
      "line": 1, 
      "event": "call"
    }, 
    {
      "ordered_globals": [], 
      "stdout": "", 
      "func_name": "<module>", 
      "stack_to_render": [], 
      "globals": {}, 
      "heap": {}, 
      "line": 1, 
      "event": "step_line"
    }, 
    {
      "ordered_globals": [], 
      "stdout": "", 
      "exception_msg": "ImportError: os not supported\nOnly these modules can be imported into Python Tutor:\n  StringIO, __future__, abc, array, bisect, cPickle,\n  calendar, cmath, collections, copy, ctypes, datetime,\n  decimal, doctest, fractions, functools, glob, hashlib,\n  heapq, inspect, io, itertools, json, locale,\n  math, operator, pickle, pprint, random, re,\n  sqlite3, string, struct, time, types, typing,\n  unittest", 
      "func_name": "<module>", 
      "stack_to_render": [], 
      "globals": {}, 
      "heap": {}, 
      "line": 1, 
      "event": "exception"
    }, 
    {
      "ordered_globals": [], 
      "stdout": "", 
      "func_name": "<module>", 
      "stack_to_render": [], 
      "globals": {}, 
      "heap": {}, 
      "line": 1, 
      "event": "return"
    }, 
    {
      "ordered_globals": [], 
      "stdout": "", 
      "exception_msg": "ImportError: os not supported\nOnly these modules can be imported into Python Tutor:\n  StringIO, __future__, abc, array, bisect, cPickle,\n  calendar, cmath, collections, copy, ctypes, datetime,\n  decimal, doctest, fractions, functools, glob, hashlib,\n  heapq, inspect, io, itertools, json, locale,\n  math, operator, pickle, pprint, random, re,\n  sqlite3, string, struct, time, types, typing,\n  unittest", 
      "func_name": "<module>", 
      "stack_to_render": [], 
      "globals": {}, 
      "heap": {}, 
      "line": 1, 
      "event": "exception"
    }
  ]
}
