{
  "code": "# should NOT allow for any imports\nimport os\n\nos.system(\"echo security breach\")\n", 
  "trace": [
    {
      "ordered_globals": [], 
      "stdout": "", 
      "func_name": "<module>", 
      "stack_to_render": [], 
      "globals": {}, 
      "heap": {}, 
      "line": 2, 
      "event": "step_line"
    }, 
    {
      "ordered_globals": [], 
      "stdout": "", 
      "exception_msg": "ImportError: os not supported\nOnly these modules can be imported into Python Tutor:\n  StringIO, __future__, abc, array, bisect, calendar,\n  cmath, collections, copy, datetime, decimal, doctest,\n  fractions, functools, glob, hashlib, heapq, inspect,\n  io, itertools, json, locale, math, operator,\n  pickle, pprint, random, re, string, struct,\n  time, types, typing, unittest", 
      "func_name": "<module>", 
      "stack_to_render": [], 
      "globals": {}, 
      "heap": {}, 
      "line": 2, 
      "event": "exception"
    }
  ]
}
